2026-06-26 22:00:19.351301 : Invalid Email
2026-06-26 22:00:19.353467 : Invalid Email
2026-06-26 22:00:19.354411 : Invalid Email
2026-06-26 22:00:19.354973 : Invalid Email
2026-06-26 22:00:19.356123 : Invalid Email
2026-06-26 22:00:19.357216 : Invalid Email
2026-06-26 22:00:19.357726 : Invalid Email
2026-06-26 22:00:19.359011 : Invalid Email
2026-06-26 22:00:19.359757 : Invalid Email
2026-06-26 22:00:19.360238 : Invalid Email
